// Jest Snapshot v1, https://goo.gl/fbAQLP

exports[`registerUserComponent renders without crashing 1`] = `
<div
  className="signup"
>
  <div
    className="container"
  >
    <div
      className="signup-content"
    >
      <div
        className="signup-form"
      >
        <h2
          className="form-title"
        >
          Sign up
        </h2>
        <form
          className="register-form"
          id="register-form"
        >
          <div
            className="form-group"
          >
            <img
              alt="signup name"
              src="signup-name.png"
            />
            <input
              autoFocus={true}
              id="name"
              name="name"
              onChange={[Function]}
              placeholder="Your Name"
              required={true}
              type="text"
              value=""
            />
          </div>
          <div
            className="form-group"
          >
            <img
              alt="signup enail"
              src="signup-email.png"
            />
            <input
              id="email"
              name="email"
              onChange={[Function]}
              placeholder="Your Email"
              required={true}
              type="email"
              value=""
            />
          </div>
          <div
            className="form-group"
          >
            <img
              alt="signup password"
              src="signup-pass.png"
            />
            <input
              id="pass"
              name="pass"
              onChange={[Function]}
              placeholder="Password"
              required={true}
              type="password"
              value=""
            />
          </div>
          <div
            className="form-group"
          >
            <img
              alt="signup repeat password"
              src="signup-repass.png"
            />
            <input
              className=""
              id="rePass"
              name="rePass"
              onChange={[Function]}
              placeholder="Repeat your password"
              required={true}
              type="password"
              value=""
            />
          </div>
          <div
            className="form-group"
            style={
              Object {
                "overflow": "unset",
              }
            }
          >
            <img
              alt="signup city"
              src="signup-city.png"
            />
            <div
              className=" css-b62m3t-container"
              onKeyDown={[Function]}
            >
              <span
                className="css-1f43avz-a11yText-A11yText"
                id="react-select-2-live-region"
              />
              <span
                aria-atomic="false"
                aria-live="polite"
                aria-relevant="additions text"
                className="css-1f43avz-a11yText-A11yText"
              />
              <div
                className=" css-1s2u09g-control"
                onMouseDown={[Function]}
                onTouchEnd={[Function]}
              >
                <div
                  className=" css-dlobye-Component"
                  style={
                    Object {
                      "display": "grid",
                    }
                  }
                >
                  <div
                    className=" css-14el2xx-placeholder"
                    id="react-select-2-placeholder"
                  >
                    Your city
                  </div>
                  <div
                    className=" css-1u4kn00-Component"
                    data-value=""
                  >
                    <input
                      aria-autocomplete="list"
                      aria-describedby="react-select-2-placeholder"
                      aria-expanded={false}
                      aria-haspopup={true}
                      autoCapitalize="none"
                      autoComplete="off"
                      autoCorrect="off"
                      className=""
                      disabled={false}
                      id="react-select-2-input"
                      onBlur={[Function]}
                      onChange={[Function]}
                      onFocus={[Function]}
                      role="combobox"
                      spellCheck="false"
                      style={
                        Object {
                          "background": 0,
                          "border": 0,
                          "color": "inherit",
                          "font": "inherit",
                          "gridArea": "1 / 2",
                          "label": "input",
                          "margin": 0,
                          "minWidth": "2px",
                          "opacity": 1,
                          "outline": 0,
                          "padding": 0,
                          "width": "100%",
                        }
                      }
                      tabIndex={0}
                      type="text"
                      value=""
                    />
                  </div>
                </div>
                <div
                  className=" css-ny0e4k-Component"
                >
                  <span
                    className=" css-1okebmr-indicatorSeparator"
                  />
                  <div
                    aria-hidden="true"
                    className=" css-tlfecz-indicatorContainer"
                    onMouseDown={[Function]}
                    onTouchEnd={[Function]}
                  >
                    <svg
                      aria-hidden="true"
                      className="css-tj5bde-Svg"
                      focusable="false"
                      height={20}
                      viewBox="0 0 20 20"
                      width={20}
                    >
                      <path
                        d="M4.516 7.548c0.436-0.446 1.043-0.481 1.576 0l3.908 3.747 3.908-3.747c0.533-0.481 1.141-0.446 1.574 0 0.436 0.445 0.408 1.197 0 1.615-0.406 0.418-4.695 4.502-4.695 4.502-0.217 0.223-0.502 0.335-0.787 0.335s-0.57-0.112-0.789-0.335c0 0-4.287-4.084-4.695-4.502s-0.436-1.17 0-1.615z"
                      />
                    </svg>
                  </div>
                </div>
              </div>
              <div>
                <input
                  name="city"
                  type="hidden"
                  value=""
                />
              </div>
            </div>
          </div>
          <div
            className="form-group"
          >
            <img
              alt="signup zip"
              src="signup-zip.png"
            />
            <div
              className="ReactTags__tags react-tags-wrapper"
            >
              <p
                className="sr-only"
                role="alert"
                style={
                  Object {
                    "border": 0,
                    "clip": "rect(0 0 0 0)",
                    "height": "1px",
                    "margin": "-1px",
                    "overflow": "hidden",
                    "padding": 0,
                    "position": "absolute",
                    "width": "1px",
                  }
                }
              />
              <div
                className="ReactTags__selected"
              >
                <div
                  className="ReactTags__tagInput"
                >
                  <input
                    aria-label="Your zip codes"
                    className="ReactTags__tagInputField"
                    data-automation="input"
                    data-testid="input"
                    id="zip"
                    name="zip"
                    onBlur={[Function]}
                    onChange={[Function]}
                    onFocus={[Function]}
                    onKeyDown={[Function]}
                    onPaste={[Function]}
                    placeholder="Your zip codes"
                    type="text"
                  />
                </div>
              </div>
            </div>
          </div>
          <div
            className="form-group"
            style={
              Object {
                "overflow": "unset",
              }
            }
          >
            <img
              alt="signup items"
              src="signup-groceries.png"
            />
            <div
              className=" css-b62m3t-container"
              onKeyDown={[Function]}
            >
              <span
                className="css-1f43avz-a11yText-A11yText"
                id="react-select-3-live-region"
              />
              <span
                aria-atomic="false"
                aria-live="polite"
                aria-relevant="additions text"
                className="css-1f43avz-a11yText-A11yText"
              />
              <div
                className=" css-1s2u09g-control"
                onMouseDown={[Function]}
                onTouchEnd={[Function]}
              >
                <div
                  className=" css-dlobye-Component"
                  style={
                    Object {
                      "display": "grid",
                    }
                  }
                >
                  <div
                    className=" css-14el2xx-placeholder"
                    id="react-select-3-placeholder"
                  >
                    Interested items
                  </div>
                  <div
                    className=" css-1u4kn00-Component"
                    data-value=""
                  >
                    <input
                      aria-autocomplete="list"
                      aria-describedby="react-select-3-placeholder"
                      aria-expanded={false}
                      aria-haspopup={true}
                      autoCapitalize="none"
                      autoComplete="off"
                      autoCorrect="off"
                      className=""
                      disabled={false}
                      id="react-select-3-input"
                      onBlur={[Function]}
                      onChange={[Function]}
                      onFocus={[Function]}
                      role="combobox"
                      spellCheck="false"
                      style={
                        Object {
                          "background": 0,
                          "border": 0,
                          "color": "inherit",
                          "font": "inherit",
                          "gridArea": "1 / 2",
                          "label": "input",
                          "margin": 0,
                          "minWidth": "2px",
                          "opacity": 1,
                          "outline": 0,
                          "padding": 0,
                          "width": "100%",
                        }
                      }
                      tabIndex={0}
                      type="text"
                      value=""
                    />
                  </div>
                </div>
                <div
                  className=" css-ny0e4k-Component"
                >
                  <span
                    className=" css-1okebmr-indicatorSeparator"
                  />
                  <div
                    aria-hidden="true"
                    className=" css-tlfecz-indicatorContainer"
                    onMouseDown={[Function]}
                    onTouchEnd={[Function]}
                  >
                    <svg
                      aria-hidden="true"
                      className="css-tj5bde-Svg"
                      focusable="false"
                      height={20}
                      viewBox="0 0 20 20"
                      width={20}
                    >
                      <path
                        d="M4.516 7.548c0.436-0.446 1.043-0.481 1.576 0l3.908 3.747 3.908-3.747c0.533-0.481 1.141-0.446 1.574 0 0.436 0.445 0.408 1.197 0 1.615-0.406 0.418-4.695 4.502-4.695 4.502-0.217 0.223-0.502 0.335-0.787 0.335s-0.57-0.112-0.789-0.335c0 0-4.287-4.084-4.695-4.502s-0.436-1.17 0-1.615z"
                      />
                    </svg>
                  </div>
                </div>
              </div>
              <div>
                <input
                  name="interests"
                  type="hidden"
                  value=""
                />
              </div>
            </div>
          </div>
          <div
            className="form-group form-button"
          >
            <input
              className="form-submit"
              id="signup"
              name="signup"
              onClick={[Function]}
              type="submit"
              value="Register"
            />
          </div>
        </form>
      </div>
      <div
        className="signup-image"
      >
        <figure>
          <img
            alt="sign up"
            src="signup-image.png"
          />
        </figure>
        <a
          className="signup-image-link"
          href=""
          onClick={[Function]}
        >
          I am already a member
        </a>
      </div>
    </div>
  </div>
</div>
`;
